\BOOKMARK [0][-]{part.1}{\376\377\000I\000\040\000S\000y\000s\000t\000e\000m\000\040\000O\000v\000e\000r\000v\000i\000e\000w}{}% 1
\BOOKMARK [1][-]{section.1}{\376\377\000I\000n\000t\000r\000o\000d\000u\000c\000t\000i\000o\000n}{part.1}% 2
\BOOKMARK [2][-]{subsection.1.1}{\376\377\000K\000e\000y\000\040\000F\000e\000a\000t\000u\000r\000e\000s}{section.1}% 3
\BOOKMARK [2][-]{subsection.1.2}{\376\377\000A\000c\000c\000e\000s\000s\000\040\000U\000R\000L\000s}{section.1}% 4
\BOOKMARK [1][-]{section.2}{\376\377\000C\000l\000u\000s\000t\000e\000r\000\040\000A\000r\000c\000h\000i\000t\000e\000c\000t\000u\000r\000e}{part.1}% 5
\BOOKMARK [2][-]{subsection.2.1}{\376\377\000N\000o\000d\000e\000\040\000I\000n\000v\000e\000n\000t\000o\000r\000y}{section.2}% 6
\BOOKMARK [2][-]{subsection.2.2}{\376\377\000A\000r\000c\000h\000i\000t\000e\000c\000t\000u\000r\000e\000\040\000D\000i\000a\000g\000r\000a\000m}{section.2}% 7
\BOOKMARK [2][-]{subsection.2.3}{\376\377\000N\000e\000t\000w\000o\000r\000k\000\040\000A\000r\000c\000h\000i\000t\000e\000c\000t\000u\000r\000e}{section.2}% 8
\BOOKMARK [0][-]{part.2}{\376\377\000I\000I\000\040\000S\000y\000s\000t\000e\000m\000\040\000L\000a\000y\000e\000r}{}% 9
\BOOKMARK [1][-]{section.3}{\376\377\000K\000e\000r\000n\000e\000l\000\040\000C\000o\000n\000f\000i\000g\000u\000r\000a\000t\000i\000o\000n\000\040\000\050\000s\000y\000s\000c\000t\000l\000\051}{part.2}% 10
\BOOKMARK [1][-]{section.4}{\376\377\000C\000o\000n\000t\000a\000i\000n\000e\000r\000\040\000R\000u\000n\000t\000i\000m\000e\000s\000\040\000\050\000c\000o\000n\000t\000a\000i\000n\000e\000r\000d\000\051}{part.2}% 11
\BOOKMARK [1][-]{section.5}{\376\377\000R\000K\000E\0002\000\040\000C\000o\000n\000f\000i\000g\000u\000r\000a\000t\000i\000o\000n}{part.2}% 12
\BOOKMARK [1][-]{section.6}{\376\377\000S\000y\000s\000t\000e\000m\000d\000\040\000S\000e\000r\000v\000i\000c\000e\000s}{part.2}% 13
\BOOKMARK [1][-]{section.7}{\376\377\000S\000t\000o\000r\000a\000g\000e}{part.2}% 14
\BOOKMARK [2][-]{subsection.7.1}{\376\377\000H\000y\000d\000r\000a\000\040\000S\000t\000o\000r\000a\000g\000e\000\040\000L\000a\000y\000o\000u\000t}{section.7}% 15
\BOOKMARK [2][-]{subsection.7.2}{\376\377\000K\000u\000b\000e\000r\000n\000e\000t\000e\000s\000\040\000S\000t\000o\000r\000a\000g\000e\000\040\000C\000l\000a\000s\000s\000e\000s}{section.7}% 16
\BOOKMARK [2][-]{subsection.7.3}{\376\377\000N\000F\000S\000\040\000C\000o\000n\000f\000i\000g\000u\000r\000a\000t\000i\000o\000n}{section.7}% 17
\BOOKMARK [0][-]{part.3}{\376\377\000I\000I\000I\000\040\000K\000u\000b\000e\000r\000n\000e\000t\000e\000s\000\040\000S\000e\000r\000v\000i\000c\000e\000s}{}% 18
\BOOKMARK [1][-]{section.8}{\376\377\000N\000a\000m\000e\000s\000p\000a\000c\000e\000\040\000L\000a\000y\000o\000u\000t}{part.3}% 19
\BOOKMARK [1][-]{section.9}{\376\377\000C\000o\000r\000e\000\040\000S\000e\000r\000v\000i\000c\000e\000s\000\040\000\050\000h\000y\000d\000r\000a\000-\000s\000y\000s\000t\000e\000m\000\051}{part.3}% 20
\BOOKMARK [2][-]{subsection.9.1}{\376\377\000T\000r\000a\000e\000f\000i\000k\000\040\000\050\000R\000e\000v\000e\000r\000s\000e\000\040\000P\000r\000o\000x\000y\000\051}{section.9}% 21
\BOOKMARK [2][-]{subsection.9.2}{\376\377\000H\000y\000d\000r\000a\000\040\000A\000u\000t\000h\000\040\000\050\000S\000A\000M\000L\000\040\000G\000a\000t\000e\000w\000a\000y\000\051}{section.9}% 22
\BOOKMARK [2][-]{subsection.9.3}{\376\377\000C\000S\000\040\000L\000a\000b\000\040\000W\000e\000b\000s\000i\000t\000e}{section.9}% 23
\BOOKMARK [2][-]{subsection.9.4}{\376\377\000I\000n\000g\000r\000e\000s\000s\000R\000o\000u\000t\000e\000\040\000S\000u\000m\000m\000a\000r\000y}{section.9}% 24
\BOOKMARK [1][-]{section.10}{\376\377\000I\000n\000f\000r\000a\000s\000t\000r\000u\000c\000t\000u\000r\000e\000\040\000S\000e\000r\000v\000i\000c\000e\000s\000\040\000\050\000h\000y\000d\000r\000a\000-\000i\000n\000f\000r\000a\000\051}{part.3}% 25
\BOOKMARK [2][-]{subsection.10.1}{\376\377\000K\000u\000b\000e\000A\000I\000\040\000+\000\040\000v\000L\000L\000M\000\040\000\050\000L\000L\000M\000\040\000I\000n\000f\000e\000r\000e\000n\000c\000e\000\051}{section.10}% 26
\BOOKMARK [2][-]{subsection.10.2}{\376\377\000O\000p\000e\000n\000W\000e\000b\000U\000I}{section.10}% 27
\BOOKMARK [2][-]{subsection.10.3}{\376\377\000n\0008\000n\000\040\000\050\000W\000o\000r\000k\000f\000l\000o\000w\000\040\000A\000u\000t\000o\000m\000a\000t\000i\000o\000n\000\051}{section.10}% 28
\BOOKMARK [2][-]{subsection.10.4}{\376\377\000O\000t\000h\000e\000r\000\040\000S\000e\000r\000v\000i\000c\000e\000s}{section.10}% 29
\BOOKMARK [1][-]{section.11}{\376\377\000G\000P\000U\000\040\000I\000n\000f\000r\000a\000s\000t\000r\000u\000c\000t\000u\000r\000e}{part.3}% 30
\BOOKMARK [2][-]{subsection.11.1}{\376\377\000N\000V\000I\000D\000I\000A\000\040\000G\000P\000U\000\040\000O\000p\000e\000r\000a\000t\000o\000r}{section.11}% 31
\BOOKMARK [2][-]{subsection.11.2}{\376\377\000G\000P\000U\000\040\000A\000l\000l\000o\000c\000a\000t\000i\000o\000n}{section.11}% 32
\BOOKMARK [0][-]{part.4}{\376\377\000I\000V\000\040\000A\000u\000t\000h\000e\000n\000t\000i\000c\000a\000t\000i\000o\000n\000\040\000S\000y\000s\000t\000e\000m}{}% 33
\BOOKMARK [1][-]{section.12}{\376\377\000S\000A\000M\000L\000\040\0002\000.\0000\000\040\000S\000S\000O\000\040\000F\000l\000o\000w}{part.4}% 34
\BOOKMARK [1][-]{section.13}{\376\377\000S\000e\000s\000s\000i\000o\000n\000\040\000a\000n\000d\000\040\000J\000W\000T\000\040\000M\000a\000n\000a\000g\000e\000m\000e\000n\000t}{part.4}% 35
\BOOKMARK [1][-]{section.14}{\376\377\000C\000r\000o\000s\000s\000-\000S\000e\000r\000v\000i\000c\000e\000\040\000A\000u\000t\000h\000e\000n\000t\000i\000c\000a\000t\000i\000o\000n}{part.4}% 36
\BOOKMARK [0][-]{part.5}{\376\377\000V\000\040\000S\000t\000u\000d\000e\000n\000t\000\040\000C\000o\000n\000t\000a\000i\000n\000e\000r\000s}{}% 37
\BOOKMARK [1][-]{section.15}{\376\377\000C\000o\000n\000t\000a\000i\000n\000e\000r\000\040\000F\000e\000a\000t\000u\000r\000e\000s}{part.5}% 38
\BOOKMARK [1][-]{section.16}{\376\377\000S\000e\000r\000v\000i\000c\000e\000\040\000M\000a\000n\000a\000g\000e\000m\000e\000n\000t}{part.5}% 39
\BOOKMARK [1][-]{section.17}{\376\377\000R\000e\000s\000o\000u\000r\000c\000e\000\040\000P\000r\000e\000s\000e\000t\000s}{part.5}% 40
\BOOKMARK [1][-]{section.18}{\376\377\000P\000o\000d\000\040\000L\000i\000f\000e\000c\000y\000c\000l\000e}{part.5}% 41
\BOOKMARK [2][-]{subsection.18.1}{\376\377\000K\0008\000s\000\040\000R\000e\000s\000o\000u\000r\000c\000e\000s\000\040\000C\000r\000e\000a\000t\000e\000d\000\040\000o\000n\000\040\000I\000n\000i\000t}{section.18}% 42
\BOOKMARK [2][-]{subsection.18.2}{\376\377\000I\000n\000g\000r\000e\000s\000s\000R\000o\000u\000t\000e\000\040\000p\000e\000r\000\040\000S\000t\000u\000d\000e\000n\000t}{section.18}% 43
\BOOKMARK [2][-]{subsection.18.3}{\376\377\000D\000e\000l\000e\000t\000i\000o\000n\000\040\000L\000e\000v\000e\000l\000s}{section.18}% 44
\BOOKMARK [2][-]{subsection.18.4}{\376\377\000P\000o\000d\000\040\000S\000e\000t\000t\000i\000n\000g\000s}{section.18}% 45
\BOOKMARK [1][-]{section.19}{\376\377\000S\000S\000H\000\040\000A\000c\000c\000e\000s\000s\000\040\000v\000i\000a\000\040\000S\000S\000H\000P\000i\000p\000e\000r}{part.5}% 46
\BOOKMARK [0][-]{part.6}{\376\377\000V\000I\000\040\000N\000e\000t\000w\000o\000r\000k\000i\000n\000g}{}% 47
\BOOKMARK [1][-]{section.20}{\376\377\000F\000i\000r\000e\000w\000a\000l\000l\000\040\000C\000o\000n\000f\000i\000g\000u\000r\000a\000t\000i\000o\000n\000\040\000\050\000U\000F\000W\000\051}{part.6}% 48
\BOOKMARK [2][-]{subsection.20.1}{\376\377\000H\000y\000d\000r\000a\000\040\000\050\000C\000o\000n\000t\000r\000o\000l\000\040\000P\000l\000a\000n\000e\000\051}{section.20}% 49
\BOOKMARK [2][-]{subsection.20.2}{\376\377\000W\000o\000r\000k\000e\000r\000s\000\040\000\050\000C\000h\000i\000m\000e\000r\000a\000\040\000/\000\040\000C\000e\000r\000b\000e\000r\000u\000s\000\051}{section.20}% 50
\BOOKMARK [1][-]{section.21}{\376\377\000R\000o\000u\000t\000e\000r\000\040\000P\000o\000r\000t\000\040\000F\000o\000r\000w\000a\000r\000d\000i\000n\000g}{part.6}% 51
\BOOKMARK [1][-]{section.22}{\376\377\000D\000N\000S\000\040\000a\000n\000d\000\040\000T\000L\000S}{part.6}% 52
\BOOKMARK [0][-]{part.7}{\376\377\000V\000I\000I\000\040\000W\000e\000b\000\040\000S\000e\000r\000v\000i\000c\000e\000s\000\040\000a\000n\000d\000\040\000R\000o\000u\000t\000e\000\040\000M\000a\000p}{}% 53
\BOOKMARK [1][-]{section.23}{\376\377\000C\000o\000m\000p\000l\000e\000t\000e\000\040\000S\000i\000t\000e\000\040\000I\000n\000v\000e\000n\000t\000o\000r\000y}{part.7}% 54
\BOOKMARK [1][-]{section.24}{\376\377\000T\000r\000a\000e\000f\000i\000k\000\040\000R\000o\000u\000t\000e\000\040\000P\000r\000i\000o\000r\000i\000t\000y\000\040\000T\000a\000b\000l\000e}{part.7}% 55
\BOOKMARK [1][-]{section.25}{\376\377\000H\000o\000w\000\040\000t\000o\000\040\000U\000p\000d\000a\000t\000e\000\040\000E\000a\000c\000h\000\040\000S\000e\000r\000v\000i\000c\000e}{part.7}% 56
\BOOKMARK [2][-]{subsection.25.1}{\376\377\000H\000y\000d\000r\000a\000\040\000A\000u\000t\000h\000\040\000\050\000D\000a\000s\000h\000b\000o\000a\000r\000d\000\051}{section.25}% 57
\BOOKMARK [2][-]{subsection.25.2}{\376\377\000C\000S\000\040\000L\000a\000b\000\040\000W\000e\000b\000s\000i\000t\000e}{section.25}% 58
\BOOKMARK [2][-]{subsection.25.3}{\376\377\000O\000t\000h\000e\000r\000\040\000C\000u\000s\000t\000o\000m\000\040\000S\000e\000r\000v\000i\000c\000e\000s}{section.25}% 59
\BOOKMARK [2][-]{subsection.25.4}{\376\377\000S\000t\000u\000d\000e\000n\000t\000\040\000C\000o\000n\000t\000a\000i\000n\000e\000r\000\040\000I\000m\000a\000g\000e}{section.25}% 60
\BOOKMARK [2][-]{subsection.25.5}{\376\377\000U\000p\000s\000t\000r\000e\000a\000m\000\040\000I\000m\000a\000g\000e\000s\000\040\000\050\000O\000p\000e\000n\000W\000e\000b\000U\000I\000,\000\040\000n\0008\000n\000\051}{section.25}% 61
\BOOKMARK [0][-]{part.8}{\376\377\000V\000I\000I\000I\000\040\000O\000p\000e\000n\000W\000e\000b\000U\000I\000\040\000A\000P\000I\000\040\000I\000n\000t\000e\000g\000r\000a\000t\000i\000o\000n}{}% 62
\BOOKMARK [1][-]{section.26}{\376\377\000G\000e\000t\000t\000i\000n\000g\000\040\000S\000t\000a\000r\000t\000e\000d}{part.8}% 63
\BOOKMARK [1][-]{section.27}{\376\377\000A\000P\000I\000\040\000C\000o\000n\000f\000i\000g\000u\000r\000a\000t\000i\000o\000n}{part.8}% 64
\BOOKMARK [1][-]{section.28}{\376\377\000c\000U\000R\000L\000\040\000E\000x\000a\000m\000p\000l\000e}{part.8}% 65
\BOOKMARK [1][-]{section.29}{\376\377\000P\000y\000t\000h\000o\000n\000\040\000E\000x\000a\000m\000p\000l\000e}{part.8}% 66
\BOOKMARK [1][-]{section.30}{\376\377\000J\000a\000v\000a\000S\000c\000r\000i\000p\000t\000\040\000E\000x\000a\000m\000p\000l\000e}{part.8}% 67
\BOOKMARK [0][-]{part.9}{\376\377\000I\000X\000\040\000S\000e\000c\000u\000r\000i\000t\000y}{}% 68
\BOOKMARK [1][-]{section.31}{\376\377\000S\000e\000c\000u\000r\000i\000t\000y\000\040\000A\000r\000c\000h\000i\000t\000e\000c\000t\000u\000r\000e}{part.9}% 69
\BOOKMARK [1][-]{section.32}{\376\377\000K\000n\000o\000w\000n\000\040\000V\000u\000l\000n\000e\000r\000a\000b\000i\000l\000i\000t\000i\000e\000s}{part.9}% 70
\BOOKMARK [1][-]{section.33}{\376\377\000M\000i\000n\000i\000n\000g\000\040\000D\000e\000t\000e\000c\000t\000i\000o\000n}{part.9}% 71
\BOOKMARK [0][-]{part.10}{\376\377\000X\000\040\000R\000D\000M\000A\000\040\000a\000n\000d\000\040\000G\000P\000U\000D\000i\000r\000e\000c\000t}{}% 72
\BOOKMARK [1][-]{section.34}{\376\377\000O\000v\000e\000r\000v\000i\000e\000w}{part.10}% 73
\BOOKMARK [1][-]{section.35}{\376\377\000I\000n\000s\000t\000a\000l\000l\000a\000t\000i\000o\000n\000\040\000O\000r\000d\000e\000r\000\040\000\050\000C\000r\000i\000t\000i\000c\000a\000l\000\051}{part.10}% 74
\BOOKMARK [0][-]{part.11}{\376\377\000X\000I\000\040\000D\000e\000p\000l\000o\000y\000m\000e\000n\000t\000\040\000a\000n\000d\000\040\000O\000p\000e\000r\000a\000t\000i\000o\000n\000s}{}% 75
\BOOKMARK [1][-]{section.36}{\376\377\000A\000n\000s\000i\000b\000l\000e\000\040\000P\000l\000a\000y\000b\000o\000o\000k\000s}{part.11}% 76
\BOOKMARK [1][-]{section.37}{\376\377\000B\000a\000c\000k\000u\000p\000\040\000S\000y\000s\000t\000e\000m}{part.11}% 77
\BOOKMARK [1][-]{section.38}{\376\377\000S\000c\000h\000e\000d\000u\000l\000e\000d\000\040\000T\000a\000s\000k\000s}{part.11}% 78
\BOOKMARK [1][-]{section.39}{\376\377\000A\000p\000p\000l\000i\000c\000a\000t\000i\000o\000n\000\040\000B\000a\000c\000k\000g\000r\000o\000u\000n\000d\000\040\000S\000e\000r\000v\000i\000c\000e\000s}{part.11}% 79
\BOOKMARK [1][-]{section.40}{\376\377\000C\000o\000m\000m\000o\000n\000\040\000O\000p\000e\000r\000a\000t\000i\000o\000n\000s}{part.11}% 80
\BOOKMARK [2][-]{subsection.40.1}{\376\377\000K\000u\000b\000e\000c\000t\000l\000\040\000S\000h\000o\000r\000t\000c\000u\000t\000s}{section.40}% 81
\BOOKMARK [0][-]{part.12}{\376\377\000X\000I\000I\000\040\000T\000r\000o\000u\000b\000l\000e\000s\000h\000o\000o\000t\000i\000n\000g}{}% 82
\BOOKMARK [1][-]{section.41}{\376\377\000A\000u\000t\000h\000e\000n\000t\000i\000c\000a\000t\000i\000o\000n\000\040\000I\000s\000s\000u\000e\000s}{part.12}% 83
\BOOKMARK [1][-]{section.42}{\376\377\000C\000o\000n\000t\000a\000i\000n\000e\000r\000\040\000I\000s\000s\000u\000e\000s}{part.12}% 84
\BOOKMARK [1][-]{section.43}{\376\377\000G\000P\000U\000\040\000I\000s\000s\000u\000e\000s}{part.12}% 85
\BOOKMARK [1][-]{section.44}{\376\377\000N\000e\000t\000w\000o\000r\000k\000i\000n\000g\000\040\000I\000s\000s\000u\000e\000s}{part.12}% 86
\BOOKMARK [0][-]{part.13}{\376\377\000X\000I\000I\000I\000\040\000R\000e\000p\000o\000s\000i\000t\000o\000r\000y\000\040\000S\000t\000r\000u\000c\000t\000u\000r\000e}{}% 87
\BOOKMARK [0][-]{part.14}{\376\377\000X\000I\000V\000\040\000E\000n\000v\000i\000r\000o\000n\000m\000e\000n\000t\000\040\000C\000o\000n\000f\000i\000g\000u\000r\000a\000t\000i\000o\000n}{}% 88
\BOOKMARK [1][-]{section.45}{\376\377\000R\000e\000q\000u\000i\000r\000e\000d\000\040\000V\000a\000r\000i\000a\000b\000l\000e\000s\000\040\000\050\000h\000y\000d\000r\000a\000-\000s\000a\000m\000l\000-\000a\000u\000t\000h\000\051}{part.14}% 89
\BOOKMARK [0][-]{part*.1}{\376\377\000A\000p\000p\000e\000n\000d\000i\000c\000e\000s}{}% 90
\BOOKMARK [1][-]{appendix.A}{\376\377\000M\000i\000g\000r\000a\000t\000i\000o\000n\000\040\000H\000i\000s\000t\000o\000r\000y}{part*.1}% 91
\BOOKMARK [1][-]{appendix.B}{\376\377\000F\000e\000b\000r\000u\000a\000r\000y\000\040\0002\0000\0002\0006\000\040\000C\000h\000a\000n\000g\000e\000l\000o\000g\000\040\000S\000u\000m\000m\000a\000r\000y}{part*.1}% 92
\BOOKMARK [2][-]{subsection.B.1}{\376\377\000F\000e\000b\000\040\0004\040\023\0007\000:\000\040\000I\000n\000i\000t\000i\000a\000l\000\040\000C\000l\000e\000a\000n\000u\000p}{appendix.B}% 93
\BOOKMARK [2][-]{subsection.B.2}{\376\377\000F\000e\000b\000\040\0009\000:\000\040\000I\000n\000f\000r\000a\000s\000t\000r\000u\000c\000t\000u\000r\000e\000\040\000O\000v\000e\000r\000h\000a\000u\000l}{appendix.B}% 94
\BOOKMARK [2][-]{subsection.B.3}{\376\377\000F\000e\000b\000\040\0001\0002\040\023\0001\0003\000:\000\040\000R\000e\000l\000i\000a\000b\000i\000l\000i\000t\000y\000\040\000a\000n\000d\000\040\000S\000c\000h\000e\000d\000u\000l\000i\000n\000g}{appendix.B}% 95
\BOOKMARK [1][-]{appendix.C}{\376\377\000R\000e\000f\000e\000r\000e\000n\000c\000e\000s}{part*.1}% 96
